c:\users\user\desktop\net1120_usb\x64\release\vc143.pdb
c:\users\user\desktop\net1120_usb\x64\release\net1120_usb.obj
c:\users\user\desktop\net1120_usb\x64\release\net_usbio.dll
c:\users\user\desktop\net1120_usb\x64\release\netvcam.ax
c:\users\user\desktop\net1120_usb\x64\release\net1120_usb\net1120_usb.cat
c:\users\user\desktop\net1120_usb\x64\release\net1120_usb.sys
c:\users\user\desktop\net1120_usb\x64\release\net1120_usb.pdb
c:\users\user\desktop\net1120_usb\x64\release\net1120_usb.inf
c:\users\user\desktop\net1120_usb\x64\release\net1120_usb.cer
c:\users\user\desktop\net1120_usb\x64\release\net1120_usb.tlog\cl.command.1.tlog
c:\users\user\desktop\net1120_usb\x64\release\net1120_usb.tlog\cl.items.tlog
c:\users\user\desktop\net1120_usb\x64\release\net1120_usb.tlog\cl.read.1.tlog
c:\users\user\desktop\net1120_usb\x64\release\net1120_usb.tlog\cl.write.1.tlog
c:\users\user\desktop\net1120_usb\x64\release\net1120_usb.tlog\copyfile.command.1.tlog
c:\users\user\desktop\net1120_usb\x64\release\net1120_usb.tlog\copyfile.read.1.tlog
c:\users\user\desktop\net1120_usb\x64\release\net1120_usb.tlog\copyfile.write.1.tlog
c:\users\user\desktop\net1120_usb\x64\release\net1120_usb.tlog\drvcat.command.1.tlog
c:\users\user\desktop\net1120_usb\x64\release\net1120_usb.tlog\drvcat.read.1.tlog
c:\users\user\desktop\net1120_usb\x64\release\net1120_usb.tlog\drvcat.write.1.tlog
c:\users\user\desktop\net1120_usb\x64\release\net1120_usb.tlog\inf2cat-expand.10120.read.1.tlog
c:\users\user\desktop\net1120_usb\x64\release\net1120_usb.tlog\inf2cat-expand.10120.write.1.tlog
c:\users\user\desktop\net1120_usb\x64\release\net1120_usb.tlog\inf2cat-expand.6644.read.1.tlog
c:\users\user\desktop\net1120_usb\x64\release\net1120_usb.tlog\inf2cat-expand.6644.write.1.tlog
c:\users\user\desktop\net1120_usb\x64\release\net1120_usb.tlog\inf2cat-expand.7508.read.1.tlog
c:\users\user\desktop\net1120_usb\x64\release\net1120_usb.tlog\inf2cat-expand.7508.write.1.tlog
c:\users\user\desktop\net1120_usb\x64\release\net1120_usb.tlog\inf2cat-expand.read.1.tlog
c:\users\user\desktop\net1120_usb\x64\release\net1120_usb.tlog\inf2cat-expand.write.1.tlog
c:\users\user\desktop\net1120_usb\x64\release\net1120_usb.tlog\inf2cat.command.1.tlog
c:\users\user\desktop\net1120_usb\x64\release\net1120_usb.tlog\inf2cat.read.1.tlog
c:\users\user\desktop\net1120_usb\x64\release\net1120_usb.tlog\inf2cat.write.1.tlog
c:\users\user\desktop\net1120_usb\x64\release\net1120_usb.tlog\link.command.1.tlog
c:\users\user\desktop\net1120_usb\x64\release\net1120_usb.tlog\link.read.1.tlog
c:\users\user\desktop\net1120_usb\x64\release\net1120_usb.tlog\link.secondary.1.tlog
c:\users\user\desktop\net1120_usb\x64\release\net1120_usb.tlog\link.write.1.tlog
c:\users\user\desktop\net1120_usb\x64\release\net1120_usb.tlog\signtool.command.1.tlog
c:\users\user\desktop\net1120_usb\x64\release\net1120_usb.tlog\signtool.read.1.tlog
c:\users\user\desktop\net1120_usb\x64\release\net1120_usb.tlog\signtool.timestamp.1.tlog
c:\users\user\desktop\net1120_usb\x64\release\net1120_usb.tlog\signtool.write.1.tlog
c:\users\user\desktop\net1120_usb\x64\release\net1120_usb.tlog\stampinf.command.1.tlog
c:\users\user\desktop\net1120_usb\x64\release\net1120_usb.tlog\stampinf.read.1.tlog
c:\users\user\desktop\net1120_usb\x64\release\net1120_usb.tlog\stampinf.write.1.tlog
